API listening on http://localhost:4000
Health: http://localhost:4000/health
[Scheduler] Starting job scheduler...
[Scheduler] Source metrics sync job is disabled or not configured
[Scheduler] Scheduled jobs:
  - daily-alert-evaluator: 0 6 * * *
[Scheduler] Running daily alert evaluator at 2026-04-25T04:00:00.021Z
[JobLock] Acquired lock for daily-alert-evaluator as worker-44288-1777089600024-uuondebl (lease=900000ms, heartbeat=300000ms)
[AlertJob] Starting evaluation for 2026-04-25
[AlertJob] Loaded 6 active rules, 0 eligible expenses
[AlertJob] Found 0 alert candidates
[AlertJob] Completed: sent=0, failed=0, skipped=0
[JobLock] Released lock for daily-alert-evaluator by worker-44288-1777089600024-uuondebl
[Scheduler] Alert job completed: {
  evaluationDate: '2026-04-25',
  candidates: 0,
  sent: 0,
  failed: 0,
  skipped: 0
}
[Scheduler] Running daily alert evaluator at 2026-04-26T04:00:00.021Z
[JobLock] Acquired lock for daily-alert-evaluator as worker-44288-1777176000021-fang1v5i (lease=900000ms, heartbeat=300000ms)
[AlertJob] Starting evaluation for 2026-04-26
[AlertJob] Loaded 6 active rules, 0 eligible expenses
[AlertJob] Found 0 alert candidates
[AlertJob] Completed: sent=0, failed=0, skipped=0
[JobLock] Released lock for daily-alert-evaluator by worker-44288-1777176000021-fang1v5i
[Scheduler] Alert job completed: {
  evaluationDate: '2026-04-26',
  candidates: 0,
  sent: 0,
  failed: 0,
  skipped: 0
}
